[05:54:29] [ServerMain/INFO]: Environment: Environment[sessionHost=https://sessionserver.mojang.com, servicesHost=https://api.minecraftservices.com, name=PROD]
[05:54:31] [ServerMain/INFO]: Loaded 1407 recipes
[05:54:31] [ServerMain/INFO]: Loaded 1520 advancements
[05:54:31] [Server thread/INFO]: Starting minecraft server version 1.21.7
[05:54:31] [Server thread/INFO]: Loading properties
[05:54:31] [Server thread/INFO]: Default game type: SURVIVAL
[05:54:31] [Server thread/INFO]: Generating keypair
[05:54:31] [Server thread/INFO]: Starting Minecraft server on *:25565
[05:54:31] [Server thread/INFO]: Using epoll channel type
[05:54:31] [Server thread/INFO]: Preparing level "world"
[05:54:32] [Server thread/INFO]: Preparing start region for dimension minecraft:overworld
[05:54:34] [Worker-Main-3/INFO]: Preparing spawn area: 0%
[05:54:34] [Worker-Main-3/INFO]: Preparing spawn area: 0%
[05:54:34] [Worker-Main-3/INFO]: Preparing spawn area: 0%
[05:54:34] [Worker-Main-3/INFO]: Preparing spawn area: 0%
[05:54:34] [Worker-Main-3/INFO]: Preparing spawn area: 0%
[05:54:34] [Worker-Main-3/INFO]: Preparing spawn area: 0%
[05:54:35] [Server thread/INFO]: Time elapsed: 2809 ms
[05:54:35] [Server thread/INFO]: Done (3.307s)! For help, type "help"
[05:55:34] [Server thread/INFO]: Server empty for 60 seconds, pausing
